
================================================================================
TRACE-DRIVEN EXPERIMENTS
================================================================================


Running trace experiment: sample_trace.csv, FIFO, GlobalAllocation, frames=4
Running multi-process experiment
  Algorithm: FIFO
  Allocation: GlobalAllocation
  Total Frames: 4
  Trace: sample_trace
Results saved to: results\pilot_20260404\trace_wrapped_pilot\trace_sample_trace_FIFO_GlobalAllocation_f4.json

Running trace experiment: sample_trace.csv, FIFO, LocalAllocation, frames=4
Running multi-process experiment
  Algorithm: FIFO
  Allocation: LocalAllocation
  Total Frames: 4
  Trace: sample_trace
Results saved to: results\pilot_20260404\trace_wrapped_pilot\trace_sample_trace_FIFO_LocalAllocation_f4.json

Running trace experiment: sample_trace.csv, FIFO, ProportionalAllocation, frames=4
Running multi-process experiment
  Algorithm: FIFO
  Allocation: ProportionalAllocation
  Total Frames: 4
  Trace: sample_trace
Results saved to: results\pilot_20260404\trace_wrapped_pilot\trace_sample_trace_FIFO_ProportionalAllocation_f4.json

Running trace experiment: sample_trace.csv, LRU, GlobalAllocation, frames=4
Running multi-process experiment
  Algorithm: LRU
  Allocation: GlobalAllocation
  Total Frames: 4
  Trace: sample_trace
Results saved to: results\pilot_20260404\trace_wrapped_pilot\trace_sample_trace_LRU_GlobalAllocation_f4.json

Running trace experiment: sample_trace.csv, LRU, LocalAllocation, frames=4
Running multi-process experiment
  Algorithm: LRU
  Allocation: LocalAllocation
  Total Frames: 4
  Trace: sample_trace
Results saved to: results\pilot_20260404\trace_wrapped_pilot\trace_sample_trace_LRU_LocalAllocation_f4.json

Running trace experiment: sample_trace.csv, LRU, ProportionalAllocation, frames=4
Running multi-process experiment
  Algorithm: LRU
  Allocation: ProportionalAllocation
  Total Frames: 4
  Trace: sample_trace
Results saved to: results\pilot_20260404\trace_wrapped_pilot\trace_sample_trace_LRU_ProportionalAllocation_f4.json

Running trace experiment: sample_trace.csv, NRU, GlobalAllocation, frames=4
Running multi-process experiment
  Algorithm: NRU
  Allocation: GlobalAllocation
  Total Frames: 4
  Trace: sample_trace
Results saved to: results\pilot_20260404\trace_wrapped_pilot\trace_sample_trace_NRU_GlobalAllocation_f4.json

Running trace experiment: sample_trace.csv, NRU, LocalAllocation, frames=4
Running multi-process experiment
  Algorithm: NRU
  Allocation: LocalAllocation
  Total Frames: 4
  Trace: sample_trace
Results saved to: results\pilot_20260404\trace_wrapped_pilot\trace_sample_trace_NRU_LocalAllocation_f4.json

Running trace experiment: sample_trace.csv, NRU, ProportionalAllocation, frames=4
Running multi-process experiment
  Algorithm: NRU
  Allocation: ProportionalAllocation
  Total Frames: 4
  Trace: sample_trace
Results saved to: results\pilot_20260404\trace_wrapped_pilot\trace_sample_trace_NRU_ProportionalAllocation_f4.json

Running trace experiment: sample_trace.csv, SecondChance, GlobalAllocation, frames=4
Running multi-process experiment
  Algorithm: SecondChance
  Allocation: GlobalAllocation
  Total Frames: 4
  Trace: sample_trace
Results saved to: results\pilot_20260404\trace_wrapped_pilot\trace_sample_trace_SecondChance_GlobalAllocation_f4.json

Running trace experiment: sample_trace.csv, SecondChance, LocalAllocation, frames=4
Running multi-process experiment
  Algorithm: SecondChance
  Allocation: LocalAllocation
  Total Frames: 4
  Trace: sample_trace
Results saved to: results\pilot_20260404\trace_wrapped_pilot\trace_sample_trace_SecondChance_LocalAllocation_f4.json

Running trace experiment: sample_trace.csv, SecondChance, ProportionalAllocation, frames=4
Running multi-process experiment
  Algorithm: SecondChance
  Allocation: ProportionalAllocation
  Total Frames: 4
  Trace: sample_trace
Results saved to: results\pilot_20260404\trace_wrapped_pilot\trace_sample_trace_SecondChance_ProportionalAllocation_f4.json

Running trace experiment: sample_trace.csv, WSClock, GlobalAllocation, frames=4
Running multi-process experiment
  Algorithm: WSClock
  Allocation: GlobalAllocation
  Total Frames: 4
  Trace: sample_trace
Results saved to: results\pilot_20260404\trace_wrapped_pilot\trace_sample_trace_WSClock_GlobalAllocation_f4.json

Running trace experiment: sample_trace.csv, WSClock, LocalAllocation, frames=4
Running multi-process experiment
  Algorithm: WSClock
  Allocation: LocalAllocation
  Total Frames: 4
  Trace: sample_trace
Results saved to: results\pilot_20260404\trace_wrapped_pilot\trace_sample_trace_WSClock_LocalAllocation_f4.json

Running trace experiment: sample_trace.csv, WSClock, ProportionalAllocation, frames=4
Running multi-process experiment
  Algorithm: WSClock
  Allocation: ProportionalAllocation
  Total Frames: 4
  Trace: sample_trace
Results saved to: results\pilot_20260404\trace_wrapped_pilot\trace_sample_trace_WSClock_ProportionalAllocation_f4.json

Running trace experiment: sample_trace.csv, FIFO, GlobalAllocation, frames=5
Running multi-process experiment
  Algorithm: FIFO
  Allocation: GlobalAllocation
  Total Frames: 5
  Trace: sample_trace
Results saved to: results\pilot_20260404\trace_wrapped_pilot\trace_sample_trace_FIFO_GlobalAllocation_f5.json

Running trace experiment: sample_trace.csv, FIFO, LocalAllocation, frames=5
Running multi-process experiment
  Algorithm: FIFO
  Allocation: LocalAllocation
  Total Frames: 5
  Trace: sample_trace
Results saved to: results\pilot_20260404\trace_wrapped_pilot\trace_sample_trace_FIFO_LocalAllocation_f5.json

Running trace experiment: sample_trace.csv, FIFO, ProportionalAllocation, frames=5
Running multi-process experiment
  Algorithm: FIFO
  Allocation: ProportionalAllocation
  Total Frames: 5
  Trace: sample_trace
Results saved to: results\pilot_20260404\trace_wrapped_pilot\trace_sample_trace_FIFO_ProportionalAllocation_f5.json

Running trace experiment: sample_trace.csv, LRU, GlobalAllocation, frames=5
Running multi-process experiment
  Algorithm: LRU
  Allocation: GlobalAllocation
  Total Frames: 5
  Trace: sample_trace
Results saved to: results\pilot_20260404\trace_wrapped_pilot\trace_sample_trace_LRU_GlobalAllocation_f5.json

Running trace experiment: sample_trace.csv, LRU, LocalAllocation, frames=5
Running multi-process experiment
  Algorithm: LRU
  Allocation: LocalAllocation
  Total Frames: 5
  Trace: sample_trace
Results saved to: results\pilot_20260404\trace_wrapped_pilot\trace_sample_trace_LRU_LocalAllocation_f5.json

Running trace experiment: sample_trace.csv, LRU, ProportionalAllocation, frames=5
Running multi-process experiment
  Algorithm: LRU
  Allocation: ProportionalAllocation
  Total Frames: 5
  Trace: sample_trace
Results saved to: results\pilot_20260404\trace_wrapped_pilot\trace_sample_trace_LRU_ProportionalAllocation_f5.json

Running trace experiment: sample_trace.csv, NRU, GlobalAllocation, frames=5
Running multi-process experiment
  Algorithm: NRU
  Allocation: GlobalAllocation
  Total Frames: 5
  Trace: sample_trace
Results saved to: results\pilot_20260404\trace_wrapped_pilot\trace_sample_trace_NRU_GlobalAllocation_f5.json

Running trace experiment: sample_trace.csv, NRU, LocalAllocation, frames=5
Running multi-process experiment
  Algorithm: NRU
  Allocation: LocalAllocation
  Total Frames: 5
  Trace: sample_trace
Results saved to: results\pilot_20260404\trace_wrapped_pilot\trace_sample_trace_NRU_LocalAllocation_f5.json

Running trace experiment: sample_trace.csv, NRU, ProportionalAllocation, frames=5
Running multi-process experiment
  Algorithm: NRU
  Allocation: ProportionalAllocation
  Total Frames: 5
  Trace: sample_trace
Results saved to: results\pilot_20260404\trace_wrapped_pilot\trace_sample_trace_NRU_ProportionalAllocation_f5.json

Running trace experiment: sample_trace.csv, SecondChance, GlobalAllocation, frames=5
Running multi-process experiment
  Algorithm: SecondChance
  Allocation: GlobalAllocation
  Total Frames: 5
  Trace: sample_trace
Results saved to: results\pilot_20260404\trace_wrapped_pilot\trace_sample_trace_SecondChance_GlobalAllocation_f5.json

Running trace experiment: sample_trace.csv, SecondChance, LocalAllocation, frames=5
Running multi-process experiment
  Algorithm: SecondChance
  Allocation: LocalAllocation
  Total Frames: 5
  Trace: sample_trace
Results saved to: results\pilot_20260404\trace_wrapped_pilot\trace_sample_trace_SecondChance_LocalAllocation_f5.json

Running trace experiment: sample_trace.csv, SecondChance, ProportionalAllocation, frames=5
Running multi-process experiment
  Algorithm: SecondChance
  Allocation: ProportionalAllocation
  Total Frames: 5
  Trace: sample_trace
Results saved to: results\pilot_20260404\trace_wrapped_pilot\trace_sample_trace_SecondChance_ProportionalAllocation_f5.json

Running trace experiment: sample_trace.csv, WSClock, GlobalAllocation, frames=5
Running multi-process experiment
  Algorithm: WSClock
  Allocation: GlobalAllocation
  Total Frames: 5
  Trace: sample_trace
Results saved to: results\pilot_20260404\trace_wrapped_pilot\trace_sample_trace_WSClock_GlobalAllocation_f5.json

Running trace experiment: sample_trace.csv, WSClock, LocalAllocation, frames=5
Running multi-process experiment
  Algorithm: WSClock
  Allocation: LocalAllocation
  Total Frames: 5
  Trace: sample_trace
Results saved to: results\pilot_20260404\trace_wrapped_pilot\trace_sample_trace_WSClock_LocalAllocation_f5.json

Running trace experiment: sample_trace.csv, WSClock, ProportionalAllocation, frames=5
Running multi-process experiment
  Algorithm: WSClock
  Allocation: ProportionalAllocation
  Total Frames: 5
  Trace: sample_trace
Results saved to: results\pilot_20260404\trace_wrapped_pilot\trace_sample_trace_WSClock_ProportionalAllocation_f5.json

Running trace experiment: sample_trace.csv, FIFO, GlobalAllocation, frames=6
Running multi-process experiment
  Algorithm: FIFO
  Allocation: GlobalAllocation
  Total Frames: 6
  Trace: sample_trace
Results saved to: results\pilot_20260404\trace_wrapped_pilot\trace_sample_trace_FIFO_GlobalAllocation_f6.json

Running trace experiment: sample_trace.csv, FIFO, LocalAllocation, frames=6
Running multi-process experiment
  Algorithm: FIFO
  Allocation: LocalAllocation
  Total Frames: 6
  Trace: sample_trace
Results saved to: results\pilot_20260404\trace_wrapped_pilot\trace_sample_trace_FIFO_LocalAllocation_f6.json

Running trace experiment: sample_trace.csv, FIFO, ProportionalAllocation, frames=6
Running multi-process experiment
  Algorithm: FIFO
  Allocation: ProportionalAllocation
  Total Frames: 6
  Trace: sample_trace
Results saved to: results\pilot_20260404\trace_wrapped_pilot\trace_sample_trace_FIFO_ProportionalAllocation_f6.json

Running trace experiment: sample_trace.csv, LRU, GlobalAllocation, frames=6
Running multi-process experiment
  Algorithm: LRU
  Allocation: GlobalAllocation
  Total Frames: 6
  Trace: sample_trace
Results saved to: results\pilot_20260404\trace_wrapped_pilot\trace_sample_trace_LRU_GlobalAllocation_f6.json

Running trace experiment: sample_trace.csv, LRU, LocalAllocation, frames=6
Running multi-process experiment
  Algorithm: LRU
  Allocation: LocalAllocation
  Total Frames: 6
  Trace: sample_trace
Results saved to: results\pilot_20260404\trace_wrapped_pilot\trace_sample_trace_LRU_LocalAllocation_f6.json

Running trace experiment: sample_trace.csv, LRU, ProportionalAllocation, frames=6
Running multi-process experiment
  Algorithm: LRU
  Allocation: ProportionalAllocation
  Total Frames: 6
  Trace: sample_trace
Results saved to: results\pilot_20260404\trace_wrapped_pilot\trace_sample_trace_LRU_ProportionalAllocation_f6.json

Running trace experiment: sample_trace.csv, NRU, GlobalAllocation, frames=6
Running multi-process experiment
  Algorithm: NRU
  Allocation: GlobalAllocation
  Total Frames: 6
  Trace: sample_trace
Results saved to: results\pilot_20260404\trace_wrapped_pilot\trace_sample_trace_NRU_GlobalAllocation_f6.json

Running trace experiment: sample_trace.csv, NRU, LocalAllocation, frames=6
Running multi-process experiment
  Algorithm: NRU
  Allocation: LocalAllocation
  Total Frames: 6
  Trace: sample_trace
Results saved to: results\pilot_20260404\trace_wrapped_pilot\trace_sample_trace_NRU_LocalAllocation_f6.json

Running trace experiment: sample_trace.csv, NRU, ProportionalAllocation, frames=6
Running multi-process experiment
  Algorithm: NRU
  Allocation: ProportionalAllocation
  Total Frames: 6
  Trace: sample_trace
Results saved to: results\pilot_20260404\trace_wrapped_pilot\trace_sample_trace_NRU_ProportionalAllocation_f6.json

Running trace experiment: sample_trace.csv, SecondChance, GlobalAllocation, frames=6
Running multi-process experiment
  Algorithm: SecondChance
  Allocation: GlobalAllocation
  Total Frames: 6
  Trace: sample_trace
Results saved to: results\pilot_20260404\trace_wrapped_pilot\trace_sample_trace_SecondChance_GlobalAllocation_f6.json

Running trace experiment: sample_trace.csv, SecondChance, LocalAllocation, frames=6
Running multi-process experiment
  Algorithm: SecondChance
  Allocation: LocalAllocation
  Total Frames: 6
  Trace: sample_trace
Results saved to: results\pilot_20260404\trace_wrapped_pilot\trace_sample_trace_SecondChance_LocalAllocation_f6.json

Running trace experiment: sample_trace.csv, SecondChance, ProportionalAllocation, frames=6
Running multi-process experiment
  Algorithm: SecondChance
  Allocation: ProportionalAllocation
  Total Frames: 6
  Trace: sample_trace
Results saved to: results\pilot_20260404\trace_wrapped_pilot\trace_sample_trace_SecondChance_ProportionalAllocation_f6.json

Running trace experiment: sample_trace.csv, WSClock, GlobalAllocation, frames=6
Running multi-process experiment
  Algorithm: WSClock
  Allocation: GlobalAllocation
  Total Frames: 6
  Trace: sample_trace
Results saved to: results\pilot_20260404\trace_wrapped_pilot\trace_sample_trace_WSClock_GlobalAllocation_f6.json

Running trace experiment: sample_trace.csv, WSClock, LocalAllocation, frames=6
Running multi-process experiment
  Algorithm: WSClock
  Allocation: LocalAllocation
  Total Frames: 6
  Trace: sample_trace
Results saved to: results\pilot_20260404\trace_wrapped_pilot\trace_sample_trace_WSClock_LocalAllocation_f6.json

Running trace experiment: sample_trace.csv, WSClock, ProportionalAllocation, frames=6
Running multi-process experiment
  Algorithm: WSClock
  Allocation: ProportionalAllocation
  Total Frames: 6
  Trace: sample_trace
Results saved to: results\pilot_20260404\trace_wrapped_pilot\trace_sample_trace_WSClock_ProportionalAllocation_f6.json

Running trace experiment: sample_trace.csv, FIFO, GlobalAllocation, frames=8
Running multi-process experiment
  Algorithm: FIFO
  Allocation: GlobalAllocation
  Total Frames: 8
  Trace: sample_trace
Results saved to: results\pilot_20260404\trace_wrapped_pilot\trace_sample_trace_FIFO_GlobalAllocation_f8.json

Running trace experiment: sample_trace.csv, FIFO, LocalAllocation, frames=8
Running multi-process experiment
  Algorithm: FIFO
  Allocation: LocalAllocation
  Total Frames: 8
  Trace: sample_trace
Results saved to: results\pilot_20260404\trace_wrapped_pilot\trace_sample_trace_FIFO_LocalAllocation_f8.json

Running trace experiment: sample_trace.csv, FIFO, ProportionalAllocation, frames=8
Running multi-process experiment
  Algorithm: FIFO
  Allocation: ProportionalAllocation
  Total Frames: 8
  Trace: sample_trace
Results saved to: results\pilot_20260404\trace_wrapped_pilot\trace_sample_trace_FIFO_ProportionalAllocation_f8.json

Running trace experiment: sample_trace.csv, LRU, GlobalAllocation, frames=8
Running multi-process experiment
  Algorithm: LRU
  Allocation: GlobalAllocation
  Total Frames: 8
  Trace: sample_trace
Results saved to: results\pilot_20260404\trace_wrapped_pilot\trace_sample_trace_LRU_GlobalAllocation_f8.json

Running trace experiment: sample_trace.csv, LRU, LocalAllocation, frames=8
Running multi-process experiment
  Algorithm: LRU
  Allocation: LocalAllocation
  Total Frames: 8
  Trace: sample_trace
Results saved to: results\pilot_20260404\trace_wrapped_pilot\trace_sample_trace_LRU_LocalAllocation_f8.json

Running trace experiment: sample_trace.csv, LRU, ProportionalAllocation, frames=8
Running multi-process experiment
  Algorithm: LRU
  Allocation: ProportionalAllocation
  Total Frames: 8
  Trace: sample_trace
Results saved to: results\pilot_20260404\trace_wrapped_pilot\trace_sample_trace_LRU_ProportionalAllocation_f8.json

Running trace experiment: sample_trace.csv, NRU, GlobalAllocation, frames=8
Running multi-process experiment
  Algorithm: NRU
  Allocation: GlobalAllocation
  Total Frames: 8
  Trace: sample_trace
Results saved to: results\pilot_20260404\trace_wrapped_pilot\trace_sample_trace_NRU_GlobalAllocation_f8.json

Running trace experiment: sample_trace.csv, NRU, LocalAllocation, frames=8
Running multi-process experiment
  Algorithm: NRU
  Allocation: LocalAllocation
  Total Frames: 8
  Trace: sample_trace
Results saved to: results\pilot_20260404\trace_wrapped_pilot\trace_sample_trace_NRU_LocalAllocation_f8.json

Running trace experiment: sample_trace.csv, NRU, ProportionalAllocation, frames=8
Running multi-process experiment
  Algorithm: NRU
  Allocation: ProportionalAllocation
  Total Frames: 8
  Trace: sample_trace
Results saved to: results\pilot_20260404\trace_wrapped_pilot\trace_sample_trace_NRU_ProportionalAllocation_f8.json

Running trace experiment: sample_trace.csv, SecondChance, GlobalAllocation, frames=8
Running multi-process experiment
  Algorithm: SecondChance
  Allocation: GlobalAllocation
  Total Frames: 8
  Trace: sample_trace
Results saved to: results\pilot_20260404\trace_wrapped_pilot\trace_sample_trace_SecondChance_GlobalAllocation_f8.json

Running trace experiment: sample_trace.csv, SecondChance, LocalAllocation, frames=8
Running multi-process experiment
  Algorithm: SecondChance
  Allocation: LocalAllocation
  Total Frames: 8
  Trace: sample_trace
Results saved to: results\pilot_20260404\trace_wrapped_pilot\trace_sample_trace_SecondChance_LocalAllocation_f8.json

Running trace experiment: sample_trace.csv, SecondChance, ProportionalAllocation, frames=8
Running multi-process experiment
  Algorithm: SecondChance
  Allocation: ProportionalAllocation
  Total Frames: 8
  Trace: sample_trace
Results saved to: results\pilot_20260404\trace_wrapped_pilot\trace_sample_trace_SecondChance_ProportionalAllocation_f8.json

Running trace experiment: sample_trace.csv, WSClock, GlobalAllocation, frames=8
Running multi-process experiment
  Algorithm: WSClock
  Allocation: GlobalAllocation
  Total Frames: 8
  Trace: sample_trace
Results saved to: results\pilot_20260404\trace_wrapped_pilot\trace_sample_trace_WSClock_GlobalAllocation_f8.json

Running trace experiment: sample_trace.csv, WSClock, LocalAllocation, frames=8
Running multi-process experiment
  Algorithm: WSClock
  Allocation: LocalAllocation
  Total Frames: 8
  Trace: sample_trace
Results saved to: results\pilot_20260404\trace_wrapped_pilot\trace_sample_trace_WSClock_LocalAllocation_f8.json

Running trace experiment: sample_trace.csv, WSClock, ProportionalAllocation, frames=8
Running multi-process experiment
  Algorithm: WSClock
  Allocation: ProportionalAllocation
  Total Frames: 8
  Trace: sample_trace
Results saved to: results\pilot_20260404\trace_wrapped_pilot\trace_sample_trace_WSClock_ProportionalAllocation_f8.json

================================================================================
GENERATING REPORTS AND EXPORTS
================================================================================

Summary report saved to: results\pilot_20260404\trace_wrapped_pilot\summary_report.txt
Summary figure saved to: results\pilot_20260404\trace_wrapped_pilot\figures\summary_figure.png
Plot saved to: results\pilot_20260404\trace_wrapped_pilot\figures\page_fault_comparison.png
Plot saved to: results\pilot_20260404\trace_wrapped_pilot\figures\fairness_comparison.png

================================================================================
EXPERIMENTS COMPLETED
================================================================================

Results saved to: results\pilot_20260404\trace_wrapped_pilot
Figures saved to: results\pilot_20260404\trace_wrapped_pilot\figures
Summary report: results\pilot_20260404\trace_wrapped_pilot\summary_report.txt
Hypothesis evaluation: results\pilot_20260404\trace_wrapped_pilot\processed\hypothesis_evaluation.csv
