
================================================================================
MEMORY PRESSURE EXPERIMENTS
================================================================================


Running synthetic matrix: high_locality, 2 procs, FIFO, GlobalAllocation, frames=114
Running multi-process experiment
  Algorithm: FIFO
  Allocation: GlobalAllocation
  Total Frames: 114
  Processes: [0, 1]
Results saved to: results\baselines_20260404\pressure_pinned\multiproc_high_locality_FIFO_GlobalAllocation_p2_f114.json

Running synthetic matrix: high_locality, 2 procs, FIFO, LocalAllocation, frames=114
Running multi-process experiment
  Algorithm: FIFO
  Allocation: LocalAllocation
  Total Frames: 114
  Processes: [0, 1]
Results saved to: results\baselines_20260404\pressure_pinned\multiproc_high_locality_FIFO_LocalAllocation_p2_f114.json

Running synthetic matrix: high_locality, 2 procs, LRU, GlobalAllocation, frames=114
Running multi-process experiment
  Algorithm: LRU
  Allocation: GlobalAllocation
  Total Frames: 114
  Processes: [0, 1]
Results saved to: results\baselines_20260404\pressure_pinned\multiproc_high_locality_LRU_GlobalAllocation_p2_f114.json

Running synthetic matrix: high_locality, 2 procs, LRU, LocalAllocation, frames=114
Running multi-process experiment
  Algorithm: LRU
  Allocation: LocalAllocation
  Total Frames: 114
  Processes: [0, 1]
Results saved to: results\baselines_20260404\pressure_pinned\multiproc_high_locality_LRU_LocalAllocation_p2_f114.json

Running synthetic matrix: high_locality, 2 procs, WSClock, GlobalAllocation, frames=114
Running multi-process experiment
  Algorithm: WSClock
  Allocation: GlobalAllocation
  Total Frames: 114
  Processes: [0, 1]
Results saved to: results\baselines_20260404\pressure_pinned\multiproc_high_locality_WSClock_GlobalAllocation_p2_f114.json

Running synthetic matrix: high_locality, 2 procs, WSClock, LocalAllocation, frames=114
Running multi-process experiment
  Algorithm: WSClock
  Allocation: LocalAllocation
  Total Frames: 114
  Processes: [0, 1]
Results saved to: results\baselines_20260404\pressure_pinned\multiproc_high_locality_WSClock_LocalAllocation_p2_f114.json

Running synthetic matrix: high_locality, 2 procs, FIFO, GlobalAllocation, frames=143
Running multi-process experiment
  Algorithm: FIFO
  Allocation: GlobalAllocation
  Total Frames: 143
  Processes: [0, 1]
Results saved to: results\baselines_20260404\pressure_pinned\multiproc_high_locality_FIFO_GlobalAllocation_p2_f143.json

Running synthetic matrix: high_locality, 2 procs, FIFO, LocalAllocation, frames=143
Running multi-process experiment
  Algorithm: FIFO
  Allocation: LocalAllocation
  Total Frames: 143
  Processes: [0, 1]
Results saved to: results\baselines_20260404\pressure_pinned\multiproc_high_locality_FIFO_LocalAllocation_p2_f143.json

Running synthetic matrix: high_locality, 2 procs, LRU, GlobalAllocation, frames=143
Running multi-process experiment
  Algorithm: LRU
  Allocation: GlobalAllocation
  Total Frames: 143
  Processes: [0, 1]
Results saved to: results\baselines_20260404\pressure_pinned\multiproc_high_locality_LRU_GlobalAllocation_p2_f143.json

Running synthetic matrix: high_locality, 2 procs, LRU, LocalAllocation, frames=143
Running multi-process experiment
  Algorithm: LRU
  Allocation: LocalAllocation
  Total Frames: 143
  Processes: [0, 1]
Results saved to: results\baselines_20260404\pressure_pinned\multiproc_high_locality_LRU_LocalAllocation_p2_f143.json

Running synthetic matrix: high_locality, 2 procs, WSClock, GlobalAllocation, frames=143
Running multi-process experiment
  Algorithm: WSClock
  Allocation: GlobalAllocation
  Total Frames: 143
  Processes: [0, 1]
Results saved to: results\baselines_20260404\pressure_pinned\multiproc_high_locality_WSClock_GlobalAllocation_p2_f143.json

Running synthetic matrix: high_locality, 2 procs, WSClock, LocalAllocation, frames=143
Running multi-process experiment
  Algorithm: WSClock
  Allocation: LocalAllocation
  Total Frames: 143
  Processes: [0, 1]
Results saved to: results\baselines_20260404\pressure_pinned\multiproc_high_locality_WSClock_LocalAllocation_p2_f143.json

Running synthetic matrix: high_locality, 2 procs, FIFO, GlobalAllocation, frames=172
Running multi-process experiment
  Algorithm: FIFO
  Allocation: GlobalAllocation
  Total Frames: 172
  Processes: [0, 1]
Results saved to: results\baselines_20260404\pressure_pinned\multiproc_high_locality_FIFO_GlobalAllocation_p2_f172.json

Running synthetic matrix: high_locality, 2 procs, FIFO, LocalAllocation, frames=172
Running multi-process experiment
  Algorithm: FIFO
  Allocation: LocalAllocation
  Total Frames: 172
  Processes: [0, 1]
Results saved to: results\baselines_20260404\pressure_pinned\multiproc_high_locality_FIFO_LocalAllocation_p2_f172.json

Running synthetic matrix: high_locality, 2 procs, LRU, GlobalAllocation, frames=172
Running multi-process experiment
  Algorithm: LRU
  Allocation: GlobalAllocation
  Total Frames: 172
  Processes: [0, 1]
Results saved to: results\baselines_20260404\pressure_pinned\multiproc_high_locality_LRU_GlobalAllocation_p2_f172.json

Running synthetic matrix: high_locality, 2 procs, LRU, LocalAllocation, frames=172
Running multi-process experiment
  Algorithm: LRU
  Allocation: LocalAllocation
  Total Frames: 172
  Processes: [0, 1]
Results saved to: results\baselines_20260404\pressure_pinned\multiproc_high_locality_LRU_LocalAllocation_p2_f172.json

Running synthetic matrix: high_locality, 2 procs, WSClock, GlobalAllocation, frames=172
Running multi-process experiment
  Algorithm: WSClock
  Allocation: GlobalAllocation
  Total Frames: 172
  Processes: [0, 1]
Results saved to: results\baselines_20260404\pressure_pinned\multiproc_high_locality_WSClock_GlobalAllocation_p2_f172.json

Running synthetic matrix: high_locality, 2 procs, WSClock, LocalAllocation, frames=172
Running multi-process experiment
  Algorithm: WSClock
  Allocation: LocalAllocation
  Total Frames: 172
  Processes: [0, 1]
Results saved to: results\baselines_20260404\pressure_pinned\multiproc_high_locality_WSClock_LocalAllocation_p2_f172.json

Running synthetic matrix: high_locality, 2 procs, FIFO, GlobalAllocation, frames=214
Running multi-process experiment
  Algorithm: FIFO
  Allocation: GlobalAllocation
  Total Frames: 214
  Processes: [0, 1]
Results saved to: results\baselines_20260404\pressure_pinned\multiproc_high_locality_FIFO_GlobalAllocation_p2_f214.json

Running synthetic matrix: high_locality, 2 procs, FIFO, LocalAllocation, frames=214
Running multi-process experiment
  Algorithm: FIFO
  Allocation: LocalAllocation
  Total Frames: 214
  Processes: [0, 1]
Results saved to: results\baselines_20260404\pressure_pinned\multiproc_high_locality_FIFO_LocalAllocation_p2_f214.json

Running synthetic matrix: high_locality, 2 procs, LRU, GlobalAllocation, frames=214
Running multi-process experiment
  Algorithm: LRU
  Allocation: GlobalAllocation
  Total Frames: 214
  Processes: [0, 1]
Results saved to: results\baselines_20260404\pressure_pinned\multiproc_high_locality_LRU_GlobalAllocation_p2_f214.json

Running synthetic matrix: high_locality, 2 procs, LRU, LocalAllocation, frames=214
Running multi-process experiment
  Algorithm: LRU
  Allocation: LocalAllocation
  Total Frames: 214
  Processes: [0, 1]
Results saved to: results\baselines_20260404\pressure_pinned\multiproc_high_locality_LRU_LocalAllocation_p2_f214.json

Running synthetic matrix: high_locality, 2 procs, WSClock, GlobalAllocation, frames=214
Running multi-process experiment
  Algorithm: WSClock
  Allocation: GlobalAllocation
  Total Frames: 214
  Processes: [0, 1]
Results saved to: results\baselines_20260404\pressure_pinned\multiproc_high_locality_WSClock_GlobalAllocation_p2_f214.json

Running synthetic matrix: high_locality, 2 procs, WSClock, LocalAllocation, frames=214
Running multi-process experiment
  Algorithm: WSClock
  Allocation: LocalAllocation
  Total Frames: 214
  Processes: [0, 1]
Results saved to: results\baselines_20260404\pressure_pinned\multiproc_high_locality_WSClock_LocalAllocation_p2_f214.json

Running synthetic matrix: high_locality, 4 procs, FIFO, GlobalAllocation, frames=241
Running multi-process experiment
  Algorithm: FIFO
  Allocation: GlobalAllocation
  Total Frames: 241
  Processes: [0, 1, 2, 3]
Results saved to: results\baselines_20260404\pressure_pinned\multiproc_high_locality_FIFO_GlobalAllocation_p4_f241.json

Running synthetic matrix: high_locality, 4 procs, FIFO, LocalAllocation, frames=241
Running multi-process experiment
  Algorithm: FIFO
  Allocation: LocalAllocation
  Total Frames: 241
  Processes: [0, 1, 2, 3]
Results saved to: results\baselines_20260404\pressure_pinned\multiproc_high_locality_FIFO_LocalAllocation_p4_f241.json

Running synthetic matrix: high_locality, 4 procs, LRU, GlobalAllocation, frames=241
Running multi-process experiment
  Algorithm: LRU
  Allocation: GlobalAllocation
  Total Frames: 241
  Processes: [0, 1, 2, 3]
Results saved to: results\baselines_20260404\pressure_pinned\multiproc_high_locality_LRU_GlobalAllocation_p4_f241.json

Running synthetic matrix: high_locality, 4 procs, LRU, LocalAllocation, frames=241
Running multi-process experiment
  Algorithm: LRU
  Allocation: LocalAllocation
  Total Frames: 241
  Processes: [0, 1, 2, 3]
Results saved to: results\baselines_20260404\pressure_pinned\multiproc_high_locality_LRU_LocalAllocation_p4_f241.json

Running synthetic matrix: high_locality, 4 procs, WSClock, GlobalAllocation, frames=241
Running multi-process experiment
  Algorithm: WSClock
  Allocation: GlobalAllocation
  Total Frames: 241
  Processes: [0, 1, 2, 3]
Results saved to: results\baselines_20260404\pressure_pinned\multiproc_high_locality_WSClock_GlobalAllocation_p4_f241.json

Running synthetic matrix: high_locality, 4 procs, WSClock, LocalAllocation, frames=241
Running multi-process experiment
  Algorithm: WSClock
  Allocation: LocalAllocation
  Total Frames: 241
  Processes: [0, 1, 2, 3]
Results saved to: results\baselines_20260404\pressure_pinned\multiproc_high_locality_WSClock_LocalAllocation_p4_f241.json

Running synthetic matrix: high_locality, 4 procs, FIFO, GlobalAllocation, frames=301
Running multi-process experiment
  Algorithm: FIFO
  Allocation: GlobalAllocation
  Total Frames: 301
  Processes: [0, 1, 2, 3]
Results saved to: results\baselines_20260404\pressure_pinned\multiproc_high_locality_FIFO_GlobalAllocation_p4_f301.json

Running synthetic matrix: high_locality, 4 procs, FIFO, LocalAllocation, frames=301
Running multi-process experiment
  Algorithm: FIFO
  Allocation: LocalAllocation
  Total Frames: 301
  Processes: [0, 1, 2, 3]
Results saved to: results\baselines_20260404\pressure_pinned\multiproc_high_locality_FIFO_LocalAllocation_p4_f301.json

Running synthetic matrix: high_locality, 4 procs, LRU, GlobalAllocation, frames=301
Running multi-process experiment
  Algorithm: LRU
  Allocation: GlobalAllocation
  Total Frames: 301
  Processes: [0, 1, 2, 3]
Results saved to: results\baselines_20260404\pressure_pinned\multiproc_high_locality_LRU_GlobalAllocation_p4_f301.json

Running synthetic matrix: high_locality, 4 procs, LRU, LocalAllocation, frames=301
Running multi-process experiment
  Algorithm: LRU
  Allocation: LocalAllocation
  Total Frames: 301
  Processes: [0, 1, 2, 3]
Results saved to: results\baselines_20260404\pressure_pinned\multiproc_high_locality_LRU_LocalAllocation_p4_f301.json

Running synthetic matrix: high_locality, 4 procs, WSClock, GlobalAllocation, frames=301
Running multi-process experiment
  Algorithm: WSClock
  Allocation: GlobalAllocation
  Total Frames: 301
  Processes: [0, 1, 2, 3]
Results saved to: results\baselines_20260404\pressure_pinned\multiproc_high_locality_WSClock_GlobalAllocation_p4_f301.json

Running synthetic matrix: high_locality, 4 procs, WSClock, LocalAllocation, frames=301
Running multi-process experiment
  Algorithm: WSClock
  Allocation: LocalAllocation
  Total Frames: 301
  Processes: [0, 1, 2, 3]
Results saved to: results\baselines_20260404\pressure_pinned\multiproc_high_locality_WSClock_LocalAllocation_p4_f301.json

Running synthetic matrix: high_locality, 4 procs, FIFO, GlobalAllocation, frames=361
Running multi-process experiment
  Algorithm: FIFO
  Allocation: GlobalAllocation
  Total Frames: 361
  Processes: [0, 1, 2, 3]
Results saved to: results\baselines_20260404\pressure_pinned\multiproc_high_locality_FIFO_GlobalAllocation_p4_f361.json

Running synthetic matrix: high_locality, 4 procs, FIFO, LocalAllocation, frames=361
Running multi-process experiment
  Algorithm: FIFO
  Allocation: LocalAllocation
  Total Frames: 361
  Processes: [0, 1, 2, 3]
Results saved to: results\baselines_20260404\pressure_pinned\multiproc_high_locality_FIFO_LocalAllocation_p4_f361.json

Running synthetic matrix: high_locality, 4 procs, LRU, GlobalAllocation, frames=361
Running multi-process experiment
  Algorithm: LRU
  Allocation: GlobalAllocation
  Total Frames: 361
  Processes: [0, 1, 2, 3]
Results saved to: results\baselines_20260404\pressure_pinned\multiproc_high_locality_LRU_GlobalAllocation_p4_f361.json

Running synthetic matrix: high_locality, 4 procs, LRU, LocalAllocation, frames=361
Running multi-process experiment
  Algorithm: LRU
  Allocation: LocalAllocation
  Total Frames: 361
  Processes: [0, 1, 2, 3]
Results saved to: results\baselines_20260404\pressure_pinned\multiproc_high_locality_LRU_LocalAllocation_p4_f361.json

Running synthetic matrix: high_locality, 4 procs, WSClock, GlobalAllocation, frames=361
Running multi-process experiment
  Algorithm: WSClock
  Allocation: GlobalAllocation
  Total Frames: 361
  Processes: [0, 1, 2, 3]
Results saved to: results\baselines_20260404\pressure_pinned\multiproc_high_locality_WSClock_GlobalAllocation_p4_f361.json

Running synthetic matrix: high_locality, 4 procs, WSClock, LocalAllocation, frames=361
Running multi-process experiment
  Algorithm: WSClock
  Allocation: LocalAllocation
  Total Frames: 361
  Processes: [0, 1, 2, 3]
Results saved to: results\baselines_20260404\pressure_pinned\multiproc_high_locality_WSClock_LocalAllocation_p4_f361.json

Running synthetic matrix: high_locality, 4 procs, FIFO, GlobalAllocation, frames=452
Running multi-process experiment
  Algorithm: FIFO
  Allocation: GlobalAllocation
  Total Frames: 452
  Processes: [0, 1, 2, 3]
Results saved to: results\baselines_20260404\pressure_pinned\multiproc_high_locality_FIFO_GlobalAllocation_p4_f452.json

Running synthetic matrix: high_locality, 4 procs, FIFO, LocalAllocation, frames=452
Running multi-process experiment
  Algorithm: FIFO
  Allocation: LocalAllocation
  Total Frames: 452
  Processes: [0, 1, 2, 3]
Results saved to: results\baselines_20260404\pressure_pinned\multiproc_high_locality_FIFO_LocalAllocation_p4_f452.json

Running synthetic matrix: high_locality, 4 procs, LRU, GlobalAllocation, frames=452
Running multi-process experiment
  Algorithm: LRU
  Allocation: GlobalAllocation
  Total Frames: 452
  Processes: [0, 1, 2, 3]
Results saved to: results\baselines_20260404\pressure_pinned\multiproc_high_locality_LRU_GlobalAllocation_p4_f452.json

Running synthetic matrix: high_locality, 4 procs, LRU, LocalAllocation, frames=452
Running multi-process experiment
  Algorithm: LRU
  Allocation: LocalAllocation
  Total Frames: 452
  Processes: [0, 1, 2, 3]
Results saved to: results\baselines_20260404\pressure_pinned\multiproc_high_locality_LRU_LocalAllocation_p4_f452.json

Running synthetic matrix: high_locality, 4 procs, WSClock, GlobalAllocation, frames=452
Running multi-process experiment
  Algorithm: WSClock
  Allocation: GlobalAllocation
  Total Frames: 452
  Processes: [0, 1, 2, 3]
Results saved to: results\baselines_20260404\pressure_pinned\multiproc_high_locality_WSClock_GlobalAllocation_p4_f452.json

Running synthetic matrix: high_locality, 4 procs, WSClock, LocalAllocation, frames=452
Running multi-process experiment
  Algorithm: WSClock
  Allocation: LocalAllocation
  Total Frames: 452
  Processes: [0, 1, 2, 3]
Results saved to: results\baselines_20260404\pressure_pinned\multiproc_high_locality_WSClock_LocalAllocation_p4_f452.json

================================================================================
GENERATING REPORTS AND EXPORTS
================================================================================

Summary report saved to: results\baselines_20260404\pressure_pinned\summary_report.txt
Summary figure saved to: results\baselines_20260404\pressure_pinned\figures\summary_figure.png
Plot saved to: results\baselines_20260404\pressure_pinned\figures\page_fault_comparison.png
Plot saved to: results\baselines_20260404\pressure_pinned\figures\fairness_comparison.png

================================================================================
EXPERIMENTS COMPLETED
================================================================================

Results saved to: results\baselines_20260404\pressure_pinned
Figures saved to: results\baselines_20260404\pressure_pinned\figures
Summary report: results\baselines_20260404\pressure_pinned\summary_report.txt
Hypothesis evaluation: results\baselines_20260404\pressure_pinned\processed\hypothesis_evaluation.csv
